[homezy.webflow.io/homes/home-v1.html]
[backblue.gif]
[fade.gif]
[index.html]
[uploads-ssl.webflow.com/63dccc1ba88f450bf57ed4e1/css/homezy.webflow.3ca6f9d9d.min.css]
[ajax.googleapis.com/ajax/libs/webfont/1.6.26/webfont.js]
[fonts.googleapis.com/index.html]
[uploads-ssl.webflow.com/63dccc1ba88f450bf57ed4e1/63e4a7df6be67c500307980e_Favicons.png]
[uploads-ssl.webflow.com/63dccc1ba88f450bf57ed4e1/63e4a7efeeb6176d67501963_Webclip.png]
[uploads-ssl.webflow.com/63dccc1ba88f450bf57ed4e1/6410204f1f1bfe54066c6ecb_homezy.svg]
[homezy.webflow.io/homes/home-v3.html]
[uploads-ssl.webflow.com/63dccc1ba88f450bf57ed4e1/63e48806d598a39128761f5d_Hero V1 Illustration Item 3.webp]
[uploads-ssl.webflow.com/63dccc1ba88f450bf57ed4e1/63e4880695aaa2d135ece75b_Hero V1 Illustration Item 2.webp]
[uploads-ssl.webflow.com/63dccc1ba88f450bf57ed4e1/63e48806d598a31ec5761f5c_Hero V1 Illustration Item 1.webp]
[uploads-ssl.webflow.com/63dccc1ba88f450bf57ed4e1/63e486a98b1e3f344556828a_Hero Vector 1.svg]
[uploads-ssl.webflow.com/64087d5b4d8daebee9cc0cf2/6408c97fa5cfb40dad59f9c6_Estately Property - COVA Home Realty.png]
[uploads-ssl.webflow.com/64087d5b4d8daebee9cc0cf2/640886d049e094cd138f0ef4_Estately Agent - Edwin Martins.png]
[uploads-ssl.webflow.com/64087d5b4d8daebee9cc0cf2/640941264109b2792ca42d03_Estately Property - Beach Pros Realty Inc.png]
[uploads-ssl.webflow.com/64087d5b4d8daebee9cc0cf2/6409416984b6bfdd0671f341_Estately Property - Beacon Homes LLC.png]
[uploads-ssl.webflow.com/64087d5b4d8daebee9cc0cf2/640941d38291c6aff6fbb30c_Estately Property - Herringbone Realty.png]
[uploads-ssl.webflow.com/64087d5b4d8daebee9cc0cf2/6409961cf73feb82abb7cc0e_Estately Property Category - Studio.png]
[uploads-ssl.webflow.com/64087d5b4d8daebee9cc0cf2/6409963f26e7bf29b0d038f1_Estately Property Category - Appartment.png]
[uploads-ssl.webflow.com/64087d5b4d8daebee9cc0cf2/6409965ae1bc75daaff7e38c_Estately Property Category - Office.png]
[uploads-ssl.webflow.com/63dccc1ba88f450bf57ed4e1/6409474abd9742e8ad44dc5a_Estately City - Pasadena, Oklahoma.webp]
[uploads-ssl.webflow.com/63dccc1ba88f450bf57ed4e1/6409474a7fd40506a8ea4ee7_Estately City - Lafayette, California.webp]
[uploads-ssl.webflow.com/63dccc1ba88f450bf57ed4e1/6409474adf7cb86d6497b16b_Estately City - New York.webp]
[uploads-ssl.webflow.com/64087d5b4d8daebee9cc0cf2/640883ac50950b32586b576f_Estately Agent - Robert Fox.png]
[uploads-ssl.webflow.com/64087d5b4d8daebee9cc0cf2/640884e81004c52109317730_Estately Agent - Guy Hawkins.png]
[uploads-ssl.webflow.com/64087d5b4d8daebee9cc0cf2/6408855c52688225ab1f7d5c_Estately Agent - Jane Cooper.png]
[uploads-ssl.webflow.com/64087d5b4d8daebee9cc0cf2/64088735465a026d81e401c4_Estately Agent - Wade Warren.png]
[uploads-ssl.webflow.com/64087d5b4d8daebee9cc0cf2/6408878ade89a216505586e7_Estately Agent - Kathryn Murphy.png]
[uploads-ssl.webflow.com/63dccc1ba88f450bf57ed4e1/640947b986523a175d1099d1_Estately Brand - Asana.png]
[d3e54v103j8qbb.cloudfront.net/js/jquery-3.5.1.min.dc5e7f18c8f445.js]
[uploads-ssl.webflow.com/63dccc1ba88f450bf57ed4e1/js/webflow.89be3d23c.js]
[homezy.webflow.io/homes/home-v1.html]
[fonts.googleapis.com/index.html]
[fonts.gstatic.com/index.html]
[uploads-ssl.webflow.com/63dccc1ba88f450bf57ed4e1/63eaf7b24d1814e7823d282b_Hero V3 Illustration.webp]
[uploads-ssl.webflow.com/64087d5b4d8daebee9cc0cf2/64098de6f0c86240228dd40f_Estately Property - COVA Home Realty.png]
[uploads-ssl.webflow.com/63dccc1ba88f450bf57ed4e1/64094d3426e7bfef1dcb94fe_Estately Agent - Edwin Martins.webp]
[uploads-ssl.webflow.com/63dccc1ba88f450bf57ed4e1/63fad65a69cf80b2940a79e3_Benefits Section Illustration.webp]
[uploads-ssl.webflow.com/64087d5b4d8daebee9cc0cf2/640888077186c654c10327c8_Estately Agent - Jenny Wilson.png]
[uploads-ssl.webflow.com/64087d5b4d8daebee9cc0cf2/6408885da0d6de3d59d852df_Estately Agent - Albert Flores.png]
[uploads-ssl.webflow.com/63dccc1ba88f450bf57ed4e1/64094d34bd974241984537bd_Estately Agent - Robert Fox.webp]
[uploads-ssl.webflow.com/63dccc1ba88f450bf57ed4e1/64094d3598a4d32aa3abb791_Estately Agent - Jane Cooper.webp]
[uploads-ssl.webflow.com/63dccc1ba88f450bf57ed4e1/64094d355054f644f34b97b5_Estately Agent - Guy Hawkins.webp]
[homezy.webflow.io/homes/home-v3.html]
[homezy.webflow.io/homes/home-v2.html]
[uploads-ssl.webflow.com/63dccc1ba88f450bf57ed4e1/css/homezy.webflow.3ca6f9d9d.min.css]
[uploads-ssl.webflow.com/63dccc1ba88f450bf57ed4e1/6410204f1f1bfe54066c6ecb_homezy.svg]
[ajax.googleapis.com/ajax/libs/webfont/1.6.26/webfont.js]
[uploads-ssl.webflow.com/63dccc1ba88f450bf57ed4e1/63e486a98b1e3f344556828a_Hero Vector 1.svg]
[d3e54v103j8qbb.cloudfront.net/js/jquery-3.5.1.min.dc5e7f18c8f445.js]
[uploads-ssl.webflow.com/63dccc1ba88f450bf57ed4e1/63e48806d598a31ec5761f5c_Hero V1 Illustration Item 1.webp]
[uploads-ssl.webflow.com/63dccc1ba88f450bf57ed4e1/64094d3426e7bfef1dcb94fe_Estately Agent - Edwin Martins.webp]
[uploads-ssl.webflow.com/63dccc1ba88f450bf57ed4e1/64094d34bd974241984537bd_Estately Agent - Robert Fox.webp]
